

================================================================
== Vitis HLS Report for 'ecc_encoder'
================================================================
* Date:           Tue Dec  7 19:28:01 2021

* Version:        2021.1 (Build 3247384 on Thu Jun 10 19:36:33 MDT 2021)
* Project:        ecc
* Solution:       solution1 (Vivado IP Flow Target)
* Product family: zynq
* Target device:  xc7z020-clg400-1


================================================================
== Performance Estimates
================================================================
+ Timing: 
    * Summary: 
    +--------+----------+----------+------------+
    |  Clock |  Target  | Estimated| Uncertainty|
    +--------+----------+----------+------------+
    |ap_clk  |  10.00 ns|  7.212 ns|     2.70 ns|
    +--------+----------+----------+------------+

+ Latency: 
    * Summary: 
    +---------+---------+----------+----------+-----+-----+---------+
    |  Latency (cycles) |  Latency (absolute) |  Interval | Pipeline|
    |   min   |   max   |    min   |    max   | min | max |   Type  |
    +---------+---------+----------+----------+-----+-----+---------+
    |       27|       27|  0.270 us|  0.270 us|   28|   28|       no|
    +---------+---------+----------+----------+-----+-----+---------+

    + Detail: 
        * Instance: 
        N/A

        * Loop: 
        +-------------------+---------+---------+----------+-----------+-----------+------+----------+
        |                   |  Latency (cycles) | Iteration|  Initiation Interval  | Trip |          |
        |     Loop Name     |   min   |   max   |  Latency |  achieved |   target  | Count| Pipelined|
        +-------------------+---------+---------+----------+-----------+-----------+------+----------+
        |- VITIS_LOOP_42_1  |       10|       10|         2|          -|          -|     5|        no|
        |- VITIS_LOOP_50_2  |       15|       15|         3|          -|          -|     5|        no|
        +-------------------+---------+---------+----------+-----------+-----------+------+----------+



================================================================
== Utilization Estimates
================================================================
* Summary: 
+-----------------+---------+-----+--------+-------+-----+
|       Name      | BRAM_18K| DSP |   FF   |  LUT  | URAM|
+-----------------+---------+-----+--------+-------+-----+
|DSP              |        -|    -|       -|      -|    -|
|Expression       |        -|    -|       0|     62|    -|
|FIFO             |        -|    -|       -|      -|    -|
|Instance         |        -|    -|       -|      -|    -|
|Memory           |        0|    -|      24|      2|    0|
|Multiplexer      |        -|    -|       -|     78|    -|
|Register         |        -|    -|      38|      -|    -|
+-----------------+---------+-----+--------+-------+-----+
|Total            |        0|    0|      62|    142|    0|
+-----------------+---------+-----+--------+-------+-----+
|Available        |      280|  220|  106400|  53200|    0|
+-----------------+---------+-----+--------+-------+-----+
|Utilization (%)  |        0|    0|      ~0|     ~0|    0|
+-----------------+---------+-----+--------+-------+-----+

+ Detail: 
    * Instance: 
    N/A

    * DSP: 
    N/A

    * Memory: 
    +--------------+------------+---------+----+----+-----+------+-----+------+-------------+
    |    Memory    |   Module   | BRAM_18K| FF | LUT| URAM| Words| Bits| Banks| W*Bits*Banks|
    +--------------+------------+---------+----+----+-----+------+-----+------+-------------+
    |pattern_U     |pattern     |        0|   8|   1|    0|     5|    8|     1|           40|
    |temp_bit_V_U  |temp_bit_V  |        0|  16|   1|    0|     5|    8|     1|           40|
    +--------------+------------+---------+----+----+-----+------+-----+------+-------------+
    |Total         |            |        0|  24|   2|    0|    10|   16|     2|           80|
    +--------------+------------+---------+----+----+-----+------+-----+------+-------------+

    * FIFO: 
    N/A

    * Expression: 
    +---------------------+----------+----+---+----+------------+------------+
    |    Variable Name    | Operation| DSP| FF| LUT| Bitwidth P0| Bitwidth P1|
    +---------------------+----------+----+---+----+------------+------------+
    |add_ln42_fu_150_p2   |         +|   0|  0|  11|           3|           1|
    |i_5_fu_191_p2        |         +|   0|  0|  11|           3|           1|
    |temp_bit_V_d0        |       and|   0|  0|   8|           8|           8|
    |icmp_ln42_fu_144_p2  |      icmp|   0|  0|   8|           3|           3|
    |icmp_ln50_fu_185_p2  |      icmp|   0|  0|   8|           3|           3|
    |p_Repl2_1_fu_256_p2  |       xor|   0|  0|   2|           1|           1|
    |p_Repl2_2_fu_292_p2  |       xor|   0|  0|   2|           1|           1|
    |p_Repl2_3_fu_328_p2  |       xor|   0|  0|   2|           1|           1|
    |p_Repl2_4_fu_364_p2  |       xor|   0|  0|   2|           1|           1|
    |p_Repl2_5_fu_412_p2  |       xor|   0|  0|   2|           1|           1|
    |p_Repl2_6_fu_437_p2  |       xor|   0|  0|   2|           1|           1|
    |p_Repl2_7_fu_462_p2  |       xor|   0|  0|   2|           1|           1|
    |p_Repl2_s_fu_217_p2  |       xor|   0|  0|   2|           1|           1|
    +---------------------+----------+----+---+----+------------+------------+
    |Total                |          |   0|  0|  62|          28|          24|
    +---------------------+----------+----+---+----+------------+------------+

    * Multiplexer: 
    +---------------------+----+-----------+-----+-----------+
    |         Name        | LUT| Input Size| Bits| Total Bits|
    +---------------------+----+-----------+-----+-----------+
    |ap_NS_fsm            |  37|          7|    1|          7|
    |i_1_fu_78            |   9|          2|    3|          6|
    |i_fu_66              |   9|          2|    3|          6|
    |p_Val2_1_fu_74       |   9|          2|    5|         10|
    |temp_bit_V_address0  |  14|          3|    3|          9|
    +---------------------+----+-----------+-----+-----------+
    |Total                |  78|         16|   15|         38|
    +---------------------+----+-----------+-----+-----------+

    * Register: 
    +----------------------+---+----+-----+-----------+
    |         Name         | FF| LUT| Bits| Const Bits|
    +----------------------+---+----+-----+-----------+
    |ap_CS_fsm             |  6|   0|    6|          0|
    |i_1100_cast_reg_538   |  3|   0|    5|          2|
    |i_1_fu_78             |  3|   0|    3|          0|
    |i_4_reg_524           |  3|   0|    3|          0|
    |i_fu_66               |  3|   0|    3|          0|
    |p_Repl2_4_reg_558     |  1|   0|    1|          0|
    |p_Result_19_reg_553   |  5|   0|    5|          0|
    |p_Val2_1_fu_74        |  5|   0|    5|          0|
    |tmp_10_reg_568        |  1|   0|    1|          0|
    |tmp_12_reg_573        |  1|   0|    1|          0|
    |tmp_8_reg_563         |  1|   0|    1|          0|
    |zext_ln42_reg_497     |  3|   0|   64|         61|
    |zext_ln844_1_reg_545  |  3|   0|   32|         29|
    +----------------------+---+----+-----+-----------+
    |Total                 | 38|   0|  130|         92|
    +----------------------+---+----+-----+-----------+



================================================================
== Interface
================================================================
* Summary: 
+-----------------+-----+-----+------------+--------------+--------------+
|    RTL Ports    | Dir | Bits|  Protocol  | Source Object|    C Type    |
+-----------------+-----+-----+------------+--------------+--------------+
|ap_clk           |   in|    1|  ap_ctrl_hs|   ecc_encoder|  return value|
|ap_rst           |   in|    1|  ap_ctrl_hs|   ecc_encoder|  return value|
|ap_start         |   in|    1|  ap_ctrl_hs|   ecc_encoder|  return value|
|ap_done          |  out|    1|  ap_ctrl_hs|   ecc_encoder|  return value|
|ap_idle          |  out|    1|  ap_ctrl_hs|   ecc_encoder|  return value|
|ap_ready         |  out|    1|  ap_ctrl_hs|   ecc_encoder|  return value|
|data1            |   in|    8|     ap_none|         data1|        scalar|
|output_r         |  out|    5|      ap_vld|      output_r|       pointer|
|output_r_ap_vld  |  out|    1|      ap_vld|      output_r|       pointer|
+-----------------+-----+-----+------------+--------------+--------------+

